// Jest Snapshot v1, https://goo.gl/fbAQLP

exports[`TaskChangeDelete should render component with all fields and buttons 1`] = `
Object {
  "asFragment": [Function],
  "baseElement": <body>
    <div>
      <div
        aria-hidden="true"
        aria-labelledby="changeTaskLabel"
        class="modal  fade"
        data-testid="changeTask"
        id="changeTask"
        role="dialog"
        tabindex="-1"
      >
        <div
          class="modal-dialog modal-dialog-centered modal-md"
          role="document"
        >
          <div
            class="modal-content"
          >
            <div
              class="modal-header"
            >
              <h5
                class="modal-title"
                id="changeTaskLabel"
              >
                Change task
              </h5>
              <button
                aria-label="Close"
                class="btn-close"
                data-bs-dismiss="modal"
                type="button"
              />
            </div>
            <div
              class="modal-body"
            >
              <div
                class="d-flex flex-column"
              >
                <label
                  for="inputTaskNameChange"
                >
                  Name
                </label>
                <input
                  class="form-control mb-2"
                  id="inputTaskNameChange"
                  placeholder="Input name"
                  value="Task 1"
                />
                <label
                  for="inputTaskDescChange"
                >
                  Description (optional)
                </label>
                <textarea
                  class="form-control mb-2"
                  id="inputTaskDescChange"
                  placeholder="Enter description"
                >
                  Description of Task 1
                </textarea>
                <div
                  class="mb-1"
                >
                  <label>
                    Users
                  </label>
                  <div
                    class="input-group"
                  >
                    <input
                      class="form-control w-50"
                      data-testid="search-users-input"
                      placeholder="Enter request"
                      type="text"
                    />
                    <button
                      class="btn btn-secondary d-flex align-items-center add-board-behind-canvas"
                      type="button"
                    >
                      <svg
                        class="bi bi-x-lg"
                        fill="currentColor"
                        height="20"
                        viewBox="0 0 16 16"
                        width="20"
                        xmlns="http://www.w3.org/2000/svg"
                      >
                        <path
                          d="M2.146 2.854a.5.5 0 1 1 .708-.708L8 7.293l5.146-5.147a.5.5 0 0 1 .708.708L8.707 8l5.147 5.146a.5.5 0 0 1-.708.708L8 8.707l-5.146 5.147a.5.5 0 0 1-.708-.708L7.293 8z"
                        />
                      </svg>
                    </button>
                  </div>
                </div>
                <ul
                  class="list-group users-list"
                  data-testid="users-list"
                >
                  <li
                    class="list-group-item d-flex justify-content-between"
                  >
                    <div
                      class="d-flex flex-column"
                    >
                      <div>
                        1@gmail.com
                      </div>
                      <div>
                        AA AA
                      </div>
                    </div>
                    <button
                      class="btn btn-danger"
                      data-testid="remove-user-1"
                    >
                      <svg
                        class="bi bi-trash3-fill"
                        fill="currentColor"
                        height="16"
                        viewBox="0 0 16 16"
                        width="16"
                        xmlns="http://www.w3.org/2000/svg"
                      >
                        <path
                          d="M11 1.5v1h3.5a.5.5 0 0 1 0 1h-.538l-.853 10.66A2 2 0 0 1 11.115 16h-6.23a2 2 0 0 1-1.994-1.84L2.038 3.5H1.5a.5.5 0 0 1 0-1H5v-1A1.5 1.5 0 0 1 6.5 0h3A1.5 1.5 0 0 1 11 1.5m-5 0v1h4v-1a.5.5 0 0 0-.5-.5h-3a.5.5 0 0 0-.5.5M4.5 5.029l.5 8.5a.5.5 0 1 0 .998-.06l-.5-8.5a.5.5 0 1 0-.998.06m6.53-.528a.5.5 0 0 0-.528.47l-.5 8.5a.5.5 0 0 0 .998.058l.5-8.5a.5.5 0 0 0-.47-.528M8 4.5a.5.5 0 0 0-.5.5v8.5a.5.5 0 0 0 1 0V5a.5.5 0 0 0-.5-.5"
                        />
                      </svg>
                    </button>
                  </li>
                  <li
                    class="list-group-item d-flex justify-content-between"
                  >
                    <div
                      class="d-flex flex-column"
                    >
                      <div>
                        2@gmail.com
                      </div>
                      <div>
                        BB BB
                      </div>
                    </div>
                    <button
                      class="btn btn-danger"
                      data-testid="remove-user-2"
                    >
                      <svg
                        class="bi bi-trash3-fill"
                        fill="currentColor"
                        height="16"
                        viewBox="0 0 16 16"
                        width="16"
                        xmlns="http://www.w3.org/2000/svg"
                      >
                        <path
                          d="M11 1.5v1h3.5a.5.5 0 0 1 0 1h-.538l-.853 10.66A2 2 0 0 1 11.115 16h-6.23a2 2 0 0 1-1.994-1.84L2.038 3.5H1.5a.5.5 0 0 1 0-1H5v-1A1.5 1.5 0 0 1 6.5 0h3A1.5 1.5 0 0 1 11 1.5m-5 0v1h4v-1a.5.5 0 0 0-.5-.5h-3a.5.5 0 0 0-.5.5M4.5 5.029l.5 8.5a.5.5 0 1 0 .998-.06l-.5-8.5a.5.5 0 1 0-.998.06m6.53-.528a.5.5 0 0 0-.528.47l-.5 8.5a.5.5 0 0 0 .998.058l.5-8.5a.5.5 0 0 0-.47-.528M8 4.5a.5.5 0 0 0-.5.5v8.5a.5.5 0 0 0 1 0V5a.5.5 0 0 0-.5-.5"
                        />
                      </svg>
                    </button>
                  </li>
                  <li
                    class="list-group-item d-flex justify-content-between"
                  >
                    <div
                      class="d-flex flex-column"
                    >
                      <div>
                        3@gmail.com
                      </div>
                      <div>
                        CC CC
                      </div>
                    </div>
                    <button
                      class="btn btn-danger"
                      data-testid="remove-user-3"
                    >
                      <svg
                        class="bi bi-trash3-fill"
                        fill="currentColor"
                        height="16"
                        viewBox="0 0 16 16"
                        width="16"
                        xmlns="http://www.w3.org/2000/svg"
                      >
                        <path
                          d="M11 1.5v1h3.5a.5.5 0 0 1 0 1h-.538l-.853 10.66A2 2 0 0 1 11.115 16h-6.23a2 2 0 0 1-1.994-1.84L2.038 3.5H1.5a.5.5 0 0 1 0-1H5v-1A1.5 1.5 0 0 1 6.5 0h3A1.5 1.5 0 0 1 11 1.5m-5 0v1h4v-1a.5.5 0 0 0-.5-.5h-3a.5.5 0 0 0-.5.5M4.5 5.029l.5 8.5a.5.5 0 1 0 .998-.06l-.5-8.5a.5.5 0 1 0-.998.06m6.53-.528a.5.5 0 0 0-.528.47l-.5 8.5a.5.5 0 0 0 .998.058l.5-8.5a.5.5 0 0 0-.47-.528M8 4.5a.5.5 0 0 0-.5.5v8.5a.5.5 0 0 0 1 0V5a.5.5 0 0 0-.5-.5"
                        />
                      </svg>
                    </button>
                  </li>
                </ul>
                <button
                  class="btn btn-primary mt-2 mb-2"
                  data-testid="change-task-btn"
                >
                  Change task
                </button>
                <button
                  class="btn btn-danger"
                >
                  Delete task
                </button>
                <div
                  aria-hidden="true"
                  aria-labelledby="deleteTaskLabel"
                  class="modal  fade"
                  data-testid="deleteTask"
                  id="deleteTask"
                  role="dialog"
                  tabindex="-1"
                >
                  <div
                    class="modal-dialog modal-dialog-centered modal-sm"
                    role="document"
                  >
                    <div
                      class="modal-content"
                    >
                      <div
                        class="modal-header"
                      >
                        <h5
                          class="modal-title"
                          id="deleteTaskLabel"
                        >
                          Delete task
                        </h5>
                        <button
                          aria-label="Close"
                          class="btn-close"
                          data-bs-dismiss="modal"
                          type="button"
                        />
                      </div>
                      <div
                        class="modal-body"
                      >
                        <div
                          class="d-flex flex-column gap-2"
                        >
                          <div>
                            Are you sure you want delete this task?
                          </div>
                          <button
                            class="btn btn-danger"
                            data-testid="delete-task-btn"
                          >
                            Delete task
                          </button>
                        </div>
                      </div>
                    </div>
                  </div>
                </div>
              </div>
            </div>
          </div>
        </div>
      </div>
    </div>
  </body>,
  "container": <div>
    <div
      aria-hidden="true"
      aria-labelledby="changeTaskLabel"
      class="modal  fade"
      data-testid="changeTask"
      id="changeTask"
      role="dialog"
      tabindex="-1"
    >
      <div
        class="modal-dialog modal-dialog-centered modal-md"
        role="document"
      >
        <div
          class="modal-content"
        >
          <div
            class="modal-header"
          >
            <h5
              class="modal-title"
              id="changeTaskLabel"
            >
              Change task
            </h5>
            <button
              aria-label="Close"
              class="btn-close"
              data-bs-dismiss="modal"
              type="button"
            />
          </div>
          <div
            class="modal-body"
          >
            <div
              class="d-flex flex-column"
            >
              <label
                for="inputTaskNameChange"
              >
                Name
              </label>
              <input
                class="form-control mb-2"
                id="inputTaskNameChange"
                placeholder="Input name"
                value="Task 1"
              />
              <label
                for="inputTaskDescChange"
              >
                Description (optional)
              </label>
              <textarea
                class="form-control mb-2"
                id="inputTaskDescChange"
                placeholder="Enter description"
              >
                Description of Task 1
              </textarea>
              <div
                class="mb-1"
              >
                <label>
                  Users
                </label>
                <div
                  class="input-group"
                >
                  <input
                    class="form-control w-50"
                    data-testid="search-users-input"
                    placeholder="Enter request"
                    type="text"
                  />
                  <button
                    class="btn btn-secondary d-flex align-items-center add-board-behind-canvas"
                    type="button"
                  >
                    <svg
                      class="bi bi-x-lg"
                      fill="currentColor"
                      height="20"
                      viewBox="0 0 16 16"
                      width="20"
                      xmlns="http://www.w3.org/2000/svg"
                    >
                      <path
                        d="M2.146 2.854a.5.5 0 1 1 .708-.708L8 7.293l5.146-5.147a.5.5 0 0 1 .708.708L8.707 8l5.147 5.146a.5.5 0 0 1-.708.708L8 8.707l-5.146 5.147a.5.5 0 0 1-.708-.708L7.293 8z"
                      />
                    </svg>
                  </button>
                </div>
              </div>
              <ul
                class="list-group users-list"
                data-testid="users-list"
              >
                <li
                  class="list-group-item d-flex justify-content-between"
                >
                  <div
                    class="d-flex flex-column"
                  >
                    <div>
                      1@gmail.com
                    </div>
                    <div>
                      AA AA
                    </div>
                  </div>
                  <button
                    class="btn btn-danger"
                    data-testid="remove-user-1"
                  >
                    <svg
                      class="bi bi-trash3-fill"
                      fill="currentColor"
                      height="16"
                      viewBox="0 0 16 16"
                      width="16"
                      xmlns="http://www.w3.org/2000/svg"
                    >
                      <path
                        d="M11 1.5v1h3.5a.5.5 0 0 1 0 1h-.538l-.853 10.66A2 2 0 0 1 11.115 16h-6.23a2 2 0 0 1-1.994-1.84L2.038 3.5H1.5a.5.5 0 0 1 0-1H5v-1A1.5 1.5 0 0 1 6.5 0h3A1.5 1.5 0 0 1 11 1.5m-5 0v1h4v-1a.5.5 0 0 0-.5-.5h-3a.5.5 0 0 0-.5.5M4.5 5.029l.5 8.5a.5.5 0 1 0 .998-.06l-.5-8.5a.5.5 0 1 0-.998.06m6.53-.528a.5.5 0 0 0-.528.47l-.5 8.5a.5.5 0 0 0 .998.058l.5-8.5a.5.5 0 0 0-.47-.528M8 4.5a.5.5 0 0 0-.5.5v8.5a.5.5 0 0 0 1 0V5a.5.5 0 0 0-.5-.5"
                      />
                    </svg>
                  </button>
                </li>
                <li
                  class="list-group-item d-flex justify-content-between"
                >
                  <div
                    class="d-flex flex-column"
                  >
                    <div>
                      2@gmail.com
                    </div>
                    <div>
                      BB BB
                    </div>
                  </div>
                  <button
                    class="btn btn-danger"
                    data-testid="remove-user-2"
                  >
                    <svg
                      class="bi bi-trash3-fill"
                      fill="currentColor"
                      height="16"
                      viewBox="0 0 16 16"
                      width="16"
                      xmlns="http://www.w3.org/2000/svg"
                    >
                      <path
                        d="M11 1.5v1h3.5a.5.5 0 0 1 0 1h-.538l-.853 10.66A2 2 0 0 1 11.115 16h-6.23a2 2 0 0 1-1.994-1.84L2.038 3.5H1.5a.5.5 0 0 1 0-1H5v-1A1.5 1.5 0 0 1 6.5 0h3A1.5 1.5 0 0 1 11 1.5m-5 0v1h4v-1a.5.5 0 0 0-.5-.5h-3a.5.5 0 0 0-.5.5M4.5 5.029l.5 8.5a.5.5 0 1 0 .998-.06l-.5-8.5a.5.5 0 1 0-.998.06m6.53-.528a.5.5 0 0 0-.528.47l-.5 8.5a.5.5 0 0 0 .998.058l.5-8.5a.5.5 0 0 0-.47-.528M8 4.5a.5.5 0 0 0-.5.5v8.5a.5.5 0 0 0 1 0V5a.5.5 0 0 0-.5-.5"
                      />
                    </svg>
                  </button>
                </li>
                <li
                  class="list-group-item d-flex justify-content-between"
                >
                  <div
                    class="d-flex flex-column"
                  >
                    <div>
                      3@gmail.com
                    </div>
                    <div>
                      CC CC
                    </div>
                  </div>
                  <button
                    class="btn btn-danger"
                    data-testid="remove-user-3"
                  >
                    <svg
                      class="bi bi-trash3-fill"
                      fill="currentColor"
                      height="16"
                      viewBox="0 0 16 16"
                      width="16"
                      xmlns="http://www.w3.org/2000/svg"
                    >
                      <path
                        d="M11 1.5v1h3.5a.5.5 0 0 1 0 1h-.538l-.853 10.66A2 2 0 0 1 11.115 16h-6.23a2 2 0 0 1-1.994-1.84L2.038 3.5H1.5a.5.5 0 0 1 0-1H5v-1A1.5 1.5 0 0 1 6.5 0h3A1.5 1.5 0 0 1 11 1.5m-5 0v1h4v-1a.5.5 0 0 0-.5-.5h-3a.5.5 0 0 0-.5.5M4.5 5.029l.5 8.5a.5.5 0 1 0 .998-.06l-.5-8.5a.5.5 0 1 0-.998.06m6.53-.528a.5.5 0 0 0-.528.47l-.5 8.5a.5.5 0 0 0 .998.058l.5-8.5a.5.5 0 0 0-.47-.528M8 4.5a.5.5 0 0 0-.5.5v8.5a.5.5 0 0 0 1 0V5a.5.5 0 0 0-.5-.5"
                      />
                    </svg>
                  </button>
                </li>
              </ul>
              <button
                class="btn btn-primary mt-2 mb-2"
                data-testid="change-task-btn"
              >
                Change task
              </button>
              <button
                class="btn btn-danger"
              >
                Delete task
              </button>
              <div
                aria-hidden="true"
                aria-labelledby="deleteTaskLabel"
                class="modal  fade"
                data-testid="deleteTask"
                id="deleteTask"
                role="dialog"
                tabindex="-1"
              >
                <div
                  class="modal-dialog modal-dialog-centered modal-sm"
                  role="document"
                >
                  <div
                    class="modal-content"
                  >
                    <div
                      class="modal-header"
                    >
                      <h5
                        class="modal-title"
                        id="deleteTaskLabel"
                      >
                        Delete task
                      </h5>
                      <button
                        aria-label="Close"
                        class="btn-close"
                        data-bs-dismiss="modal"
                        type="button"
                      />
                    </div>
                    <div
                      class="modal-body"
                    >
                      <div
                        class="d-flex flex-column gap-2"
                      >
                        <div>
                          Are you sure you want delete this task?
                        </div>
                        <button
                          class="btn btn-danger"
                          data-testid="delete-task-btn"
                        >
                          Delete task
                        </button>
                      </div>
                    </div>
                  </div>
                </div>
              </div>
            </div>
          </div>
        </div>
      </div>
    </div>
  </div>,
  "debug": [Function],
  "findAllByAltText": [Function],
  "findAllByDisplayValue": [Function],
  "findAllByLabelText": [Function],
  "findAllByPlaceholderText": [Function],
  "findAllByRole": [Function],
  "findAllByTestId": [Function],
  "findAllByText": [Function],
  "findAllByTitle": [Function],
  "findByAltText": [Function],
  "findByDisplayValue": [Function],
  "findByLabelText": [Function],
  "findByPlaceholderText": [Function],
  "findByRole": [Function],
  "findByTestId": [Function],
  "findByText": [Function],
  "findByTitle": [Function],
  "getAllByAltText": [Function],
  "getAllByDisplayValue": [Function],
  "getAllByLabelText": [Function],
  "getAllByPlaceholderText": [Function],
  "getAllByRole": [Function],
  "getAllByTestId": [Function],
  "getAllByText": [Function],
  "getAllByTitle": [Function],
  "getByAltText": [Function],
  "getByDisplayValue": [Function],
  "getByLabelText": [Function],
  "getByPlaceholderText": [Function],
  "getByRole": [Function],
  "getByTestId": [Function],
  "getByText": [Function],
  "getByTitle": [Function],
  "queryAllByAltText": [Function],
  "queryAllByDisplayValue": [Function],
  "queryAllByLabelText": [Function],
  "queryAllByPlaceholderText": [Function],
  "queryAllByRole": [Function],
  "queryAllByTestId": [Function],
  "queryAllByText": [Function],
  "queryAllByTitle": [Function],
  "queryByAltText": [Function],
  "queryByDisplayValue": [Function],
  "queryByLabelText": [Function],
  "queryByPlaceholderText": [Function],
  "queryByRole": [Function],
  "queryByTestId": [Function],
  "queryByText": [Function],
  "queryByTitle": [Function],
  "rerender": [Function],
  "unmount": [Function],
}
`;
